1   ? 2   : 3;
11  ? 22  : 33;
111 ? 222 : 333;

aaa   ? b   : c;
aaaa  ? bb  : cc;
aaaaa ? bbb : ccc;