var longer       = require('hello');
let small        = require('hello');
const muchlonger = require('hello');
