var longer     = require('hello');
var small      = require('hello');
var muchlonger = require('hello');
